I'm sorry, but errors were detected in your script. Please correct the
errors listed below, and try again.


File "game/script.rpy", line 104: expected end of line
    stop music fadout 1.0
               ^

Ren'Py Version: Ren'Py 8.1.0.23051307
Fri Jun 30 04:51:05 2023
